[rtk] /!\ No hook installed — run `rtk init -g` for automatic token savings
▲ Next.js 16.2.12 (webpack)

  Creating an optimized production build ...
✓ Compiled successfully in 81s
  Running TypeScript ...
  Finished TypeScript in 41s ...
  Collecting page data using 15 workers ...
  Generating static pages using 15 workers (0/42) ...
  Generating static pages using 15 workers (10/42) 
  Generating static pages using 15 workers (20/42) 
  Generating static pages using 15 workers (31/42) 
✓ Generating static pages using 15 workers (42/42) in 1743ms
  Finalizing page optimization ...
  Collecting build traces ...

Route (app)
┌ ƒ /
├ ○ /_not-found
├ ƒ /api/account/delete
├ ƒ /api/account/password
├ ƒ /api/account/recovery-email
├ ƒ /api/analytics/agents
├ ƒ /api/analytics/channels
├ ƒ /api/analytics/conversations
├ ƒ /api/analytics/customers
├ ƒ /api/analytics/overview
├ ƒ /api/analytics/sla
├ ƒ /api/auth/register
├ ƒ /api/auth/session-check
├ ƒ /api/auth/sign-out
├ ƒ /api/contacts/[contactId]
├ ƒ /api/contacts/[contactId]/facebook-avatar
├ ƒ /api/contacts/[contactId]/facebook-profile
├ ƒ /api/contacts/[contactId]/notes
├ ƒ /api/contacts/[contactId]/notes/[noteId]
├ ƒ /api/contacts/[contactId]/tags
├ ƒ /api/contacts/[contactId]/tags/[tagId]
├ ƒ /api/contacts/[contactId]/telegram-avatar
├ ƒ /api/contacts/[contactId]/telegram-avatar-sync
├ ƒ /api/conversations/[conversationId]/assignment
├ ƒ /api/conversations/[conversationId]/claim
├ ƒ /api/conversations/[conversationId]/facebook-block
├ ƒ /api/conversations/[conversationId]/facebook-conversation
├ ƒ /api/conversations/[conversationId]/facebook-profile
├ ƒ /api/conversations/[conversationId]/message-pins
├ ƒ /api/conversations/[conversationId]/messages
├ ƒ /api/conversations/[conversationId]/pin
├ ƒ /api/conversations/[conversationId]/read
├ ƒ /api/conversations/[conversationId]/status
├ ƒ /api/conversations/[conversationId]/unread
├ ƒ /api/cron/facebook-auto-reply
├ ƒ /api/cron/facebook-connection-health
├ ƒ /api/cron/subscription-expiry-reminders
├ ƒ /api/cron/tenh-bot
├ ƒ /api/customer-reports
├ ƒ /api/customers
├ ƒ /api/customers/[customerId]
├ ƒ /api/customers/[customerId]/files
├ ƒ /api/customers/[customerId]/files/[fileId]
├ ƒ /api/customers/[customerId]/timeline
├ ƒ /api/extension/auto-pair
├ ƒ /api/extension/context
├ ƒ /api/extension/conversations/open-context
├ ƒ /api/extension/disconnect
├ ƒ /api/extension/heartbeat
├ ƒ /api/extension/observations
├ ƒ /api/extension/observed-message
├ ƒ /api/extension/status
├ ƒ /api/extension/tags
├ ƒ /api/facebook/access-audit
├ ƒ /api/facebook/auto-reply
├ ƒ /api/facebook/avatar-discovery
├ ƒ /api/facebook/comments/delete
├ ƒ /api/facebook/comments/hide
├ ƒ /api/facebook/comments/like
├ ƒ /api/facebook/comments/mark-deleted
├ ƒ /api/facebook/comments/reply
├ ƒ /api/facebook/comments/sync
├ ƒ /api/facebook/connection-attention
├ ƒ /api/facebook/connections/[socialAccountId]/disconnect
├ ƒ /api/facebook/deauthorize
├ ƒ /api/facebook/messages/reaction
├ ƒ /api/facebook/oauth/callback
├ ƒ /api/facebook/oauth/connect
├ ƒ /api/facebook/oauth/pages
├ ƒ /api/facebook/oauth/select
├ ƒ /api/facebook/post-preview
├ ƒ /api/facebook/posts/create
├ ƒ /api/facebook/send
├ ƒ /api/facebook/send-attachment
├ ƒ /api/facebook/stickers/pack
├ ƒ /api/facebook/stickers/packs
├ ƒ /api/facebook/stickers/previews
├ ƒ /api/facebook/stickers/search
├ ƒ /api/facebook/stickers/send
├ ƒ /api/facebook/subscribe
├ ƒ /api/facebook/subscription-status
├ ƒ /api/facebook/token-check
├ ƒ /api/inbox/channels
├ ƒ /api/inbox/conversation-page
├ ƒ /api/inbox/conversations/[conversationId]/channel
├ ƒ /api/inbox/facebook-pages
├ ƒ /api/inbox/live-state
├ ƒ /api/inbox/mark-all-read
├ ƒ /api/inbox/message-audio
├ ƒ /api/inbox/message-image
├ ƒ /api/inbox/search-messages
├ ƒ /api/inbox/smart-view-options
├ ƒ /api/inbox/views
├ ƒ /api/inbox/views/[viewId]
├ ƒ /api/invitations/accept
├ ƒ /api/invitations/pending
├ ƒ /api/khqr/checkout
├ ƒ /api/khqr/readiness
├ ƒ /api/khqr/status
├ ƒ /api/manual-payments
├ ƒ /api/manual-payments/admin
├ ƒ /api/messages/[messageId]/media
├ ƒ /api/mobile/bootstrap
├ ƒ /api/mobile/facebook-connect
├ ƒ /api/mobile/facebook-pages
├ ƒ /api/onboarding/ensure-workspace
├ ƒ /api/payway/callback
├ ƒ /api/payway/cancel-return
├ ƒ /api/payway/checkout
├ ƒ /api/payway/diagnostics
├ ƒ /api/payway/status
├ ƒ /api/reminders
├ ƒ /api/reminders/[reminderId]
├ ƒ /api/reminders/manage
├ ƒ /api/reminders/manage/[reminderId]
├ ƒ /api/reminders/options
├ ƒ /api/save-profile-url
├ ƒ /api/saved-replies
├ ƒ /api/saved-replies/[savedReplyId]
├ ƒ /api/saved-replies/media
├ ƒ /api/saved-reply-categories
├ ƒ /api/saved-reply-categories/[categoryId]
├ ƒ /api/settings/history
├ ƒ /api/settings/sessions
├ ƒ /api/settings/sessions/revoke
├ ƒ /api/stickers/search
├ ƒ /api/stickers/send
├ ƒ /api/subscription/access-diagnostic
├ ƒ /api/subscription/billing-history
├ ƒ /api/subscription/cancellation
├ ƒ /api/subscription/catalog
├ ƒ /api/subscription/current
├ ƒ /api/subscription/custom-upgrade/quote
├ ƒ /api/subscription/invoices/[invoiceId]
├ ƒ /api/subscription/plan-change
├ ƒ /api/subscription/usage-management
├ ƒ /api/system-announcements/current
├ ƒ /api/tags
├ ƒ /api/tags/[tagId]
├ ƒ /api/tags/copy
├ ƒ /api/team-chat/[[...retired]]
├ ƒ /api/team-notifications
├ ƒ /api/team/invitations
├ ƒ /api/team/invitations/[inviteId]
├ ƒ /api/team/members
├ ƒ /api/team/permissions
├ ƒ /api/team/workload
├ ƒ /api/telegram-personal/connections
├ ƒ /api/telegram-personal/connections/[sessionId]
├ ƒ /api/telegram-personal/connections/[sessionId]/chats
├ ƒ /api/telegram-personal/connections/[sessionId]/chats/[chatRowId]
├ ƒ /api/telegram-personal/connections/[sessionId]/login
├ ƒ /api/telegram-personal/send
├ ƒ /api/telegram/bot-avatar
├ ƒ /api/telegram/connection
├ ƒ /api/telegram/diagnostics
├ ƒ /api/telegram/messages/[messageId]
├ ƒ /api/telegram/messages/reaction
├ ƒ /api/telegram/send
├ ƒ /api/telegram/send-location
├ ƒ /api/telegram/send-media
├ ƒ /api/telegram/send-photo
├ ƒ /api/telegram/send-sticker
├ ƒ /api/telegram/stickers
├ ƒ /api/telegram/stickers/preview
├ ƒ /api/telegram/typing
├ ƒ /api/telegram/webhook
├ ƒ /api/tenh-admin/announcements
├ ƒ /api/tenh-admin/billing
├ ƒ /api/tenh-admin/billing/analytics
├ ƒ /api/tenh-admin/channel-health
├ ƒ /api/tenh-admin/connections
├ ƒ /api/tenh-admin/customer-reports
├ ƒ /api/tenh-admin/facebook-avatar-backfill
├ ƒ /api/tenh-admin/security
├ ƒ /api/tenh-admin/summary
├ ƒ /api/tenh-admin/usage
├ ƒ /api/tenh-admin/webhook-events
├ ƒ /api/tenh-bot/history
├ ƒ /api/tenh-bot/human-hold
├ ƒ /api/tenh-bot/rules
├ ƒ /api/tiktok/advertiser/connections/[connectionId]
├ ƒ /api/tiktok/advertiser/oauth/callback
├ ƒ /api/tiktok/advertiser/oauth/connect
├ ƒ /api/tiktok/oauth/callback
├ ƒ /api/webhooks/facebook
├ ƒ /api/webhooks/instagram
├ ƒ /api/webhooks/telegram/[connectionId]
├ ƒ /api/workspace-storage/categories
├ ƒ /api/workspace-storage/files
├ ƒ /api/workspaces
├ ƒ /api/workspaces/create-subscription
├ ƒ /api/workspaces/restore-purchase-origin
├ ƒ /api/workspaces/switch
├ ƒ /auth/callback
├ ○ /billing-admin/manual-payments
├ ƒ /dashboard
├ ƒ /dashboard/admin
├ ƒ /dashboard/admin/mfa
├ ƒ /dashboard/analytics
├ ƒ /dashboard/customers
├ ƒ /dashboard/customers/[customerId]
├ ƒ /dashboard/group-chat
├ ƒ /dashboard/inbox
├ ƒ /dashboard/inbox/personal
├ ƒ /dashboard/integrations
├ ƒ /dashboard/integrations/facebook/select
├ ƒ /dashboard/market
├ ƒ /dashboard/overview
├ ƒ /dashboard/profile
├ ƒ /dashboard/report
├ ƒ /dashboard/settings
├ ƒ /dashboard/settings/ai-assistant
├ ƒ /dashboard/settings/auto-reply
├ ƒ /dashboard/settings/calls
├ ƒ /dashboard/settings/display
├ ƒ /dashboard/settings/general
├ ƒ /dashboard/settings/history
├ ƒ /dashboard/settings/replying-helper
├ ƒ /dashboard/settings/report
├ ƒ /dashboard/settings/roles-permissions
├ ƒ /dashboard/settings/round-robin
├ ƒ /dashboard/settings/saved-replies
├ ƒ /dashboard/settings/security
├ ƒ /dashboard/settings/security/learn-more
├ ƒ /dashboard/settings/sessions
├ ƒ /dashboard/settings/sync
├ ƒ /dashboard/settings/tags
├ ƒ /dashboard/settings/tools
├ ƒ /dashboard/settings/users
├ ƒ /dashboard/subscription
├ ƒ /dashboard/subscription/billing-history
├ ƒ /dashboard/subscription/buy
├ ƒ /dashboard/subscription/buy/custom
├ ƒ /dashboard/subscription/invoices/[invoiceId]
├ ƒ /dashboard/subscription/payment
├ ƒ /dashboard/tenh-bot
├ ○ /data-deletion
├ ƒ /invite/accept
├ ○ /login
├ ○ /privacy
├ ƒ /register
├ ○ /review/tiktok
├ ○ /tenh-companion
├ ○ /terms
└ ○ /verify-email


ƒ Proxy (Middleware)

○  (Static)   prerendered as static content
ƒ  (Dynamic)  server-rendered on demand

